// Jest Snapshot v1, https://goo.gl/fbAQLP

exports[`DefineUrimapPipelineHandler should call the defineUrimapPipeline api 1`] = `"The URIMAP '%s' was defined successfully."`;

exports[`DefineUrimapPipelineHandler should call the defineUrimapPipeline api 2`] = `
Object {
  "response": Object {
    "records": "testing",
    "resultsummary": Object {
      "api_response1": "1024",
      "api_response2": "0",
      "displayed_recordcount": "0",
      "recordcount": "0",
    },
  },
}
`;
